<?xml version="1.0" encoding="UTF-8"?>
<testsuites name="jest tests" tests="10" failures="0" time="3.179">
  <testsuite name="undefined" errors="0" failures="0" skipped="0" timestamp="2021-10-21T14:56:01" time="2.511" tests="10">
    <testcase classname=" Clicking on Create Task Button should add it to first stage and do nothing if input is empty" name=" Clicking on Create Task Button should add it to first stage and do nothing if input is empty" time="0.098">
    </testcase>
    <testcase classname=" For a task in stage 0, backward icon is disabled and forward icon is enabled" name=" For a task in stage 0, backward icon is disabled and forward icon is enabled" time="0.035">
    </testcase>
    <testcase classname=" For a task in stage 0, can be moved forward till stage 4 and check for icons are enabled/disabled correctly" name=" For a task in stage 0, can be moved forward till stage 4 and check for icons are enabled/disabled correctly" time="0.05">
    </testcase>
    <testcase classname=" For a task in stage 4, can be moved backward till stage 0 and check for icons are enabled/disabled correctly" name=" For a task in stage 4, can be moved backward till stage 0 and check for icons are enabled/disabled correctly" time="0.068">
    </testcase>
    <testcase classname=" Clicking on delete should delete the task in stage 0" name=" Clicking on delete should delete the task in stage 0" time="0.025">
    </testcase>
    <testcase classname=" Clicking on delete should delete the task in stage 1" name=" Clicking on delete should delete the task in stage 1" time="0.031">
    </testcase>
    <testcase classname=" Clicking on delete should delete the task in stage 2" name=" Clicking on delete should delete the task in stage 2" time="0.039">
    </testcase>
    <testcase classname=" Clicking on delete should delete the task in stage 3" name=" Clicking on delete should delete the task in stage 3" time="0.042">
    </testcase>
    <testcase classname=" after many forward and back operations, tasks are in correct state" name=" after many forward and back operations, tasks are in correct state" time="0.196">
    </testcase>
    <testcase classname=" tasks are in correct state after multiple move and deletions" name=" tasks are in correct state after multiple move and deletions" time="0.051">
    </testcase>
  </testsuite>
</testsuites>